// Vitest Snapshot v1, https://vitest.dev/guide/snapshot.html

exports[`Snapshat of App 1`] = `
[
  <div
    className="img--div"
  >
    <img
      alt="math_wallpaper"
      src="/public/images/math_wallpaper.jpeg"
    />
  </div>,
  <h1>
    Converter
  </h1>,
  <div
    className="container"
  >
    <div
      className="box"
    >
      <h2>
        ASCII to Binary:
      </h2>
      <div
        className="labelinput--box"
      >
        <label>
          ASCII
           :
        </label>
        <input
          data-testid="testid--input"
          onChange={[Function]}
          placeholder="ASCII"
          type="text"
          value=""
        />
      </div>
      <button
        data-testid="testid-btn"
        onClick={[Function]}
        type="button"
      >
        Convert
      </button>
      <div
        className="box--result"
      >
        <span
          data-testid="span-testid"
        >
          Result : 
          Not binary !!!
        </span>
      </div>
    </div>
    <div
      className="box"
    >
      <h2>
        Binary to ASCII:
      </h2>
      <div
        className="labelinput--box"
      >
        <label>
          Binary
           :
        </label>
        <input
          data-testid="testid--input"
          onChange={[Function]}
          placeholder="Binary"
          type="text"
          value=""
        />
      </div>
      <button
        data-testid="testid-btn"
        onClick={[Function]}
        type="button"
      >
        Convert
      </button>
      <div
        className="box--result"
      >
        <span
          data-testid="span-testid"
        >
          Result : 
          Not binary !!!
        </span>
      </div>
    </div>
  </div>,
  <div
    className="container"
  >
    <div
      className="box"
    >
      <h2>
        Binary to Decimal:
      </h2>
      <div
        className="labelinput--box"
      >
        <label>
          Binary
           :
        </label>
        <input
          data-testid="testid--input"
          onChange={[Function]}
          placeholder="Binary"
          type="text"
          value=""
        />
      </div>
      <button
        data-testid="testid-btn"
        onClick={[Function]}
        type="button"
      >
        Convert
      </button>
      <div
        className="box--result"
      >
        <span
          data-testid="span-testid"
        >
          Result : 
          Not binary !!!
        </span>
      </div>
    </div>
    <div
      className="box"
    >
      <h2>
        Hexadecimal to Decimal:
      </h2>
      <div
        className="labelinput--box"
      >
        <label>
          Hexadecimal
           :
        </label>
        <input
          data-testid="testid--input"
          onChange={[Function]}
          placeholder="Hexadecimal"
          type="text"
          value=""
        />
      </div>
      <button
        data-testid="testid-btn"
        onClick={[Function]}
        type="button"
      >
        Convert
      </button>
      <div
        className="box--result"
      >
        <span
          data-testid="span-testid"
        >
          Result : 
          Not binary !!!
        </span>
      </div>
    </div>
  </div>,
  <div
    className="container"
  >
    <div
      className="box"
    >
      <h2>
        ASCII to Hexadecimal:
      </h2>
      <div
        className="labelinput--box"
      >
        <label>
          ASCII
           :
        </label>
        <input
          data-testid="testid--input"
          onChange={[Function]}
          placeholder="ASCII"
          type="text"
          value=""
        />
      </div>
      <button
        data-testid="testid-btn"
        onClick={[Function]}
        type="button"
      >
        Convert
      </button>
      <div
        className="box--result"
      >
        <span
          data-testid="span-testid"
        >
          Result : 
          Not binary !!!
        </span>
      </div>
    </div>
    <div
      className="box"
    >
      <h2>
        Hexadecimal to ASCII:
      </h2>
      <div
        className="labelinput--box"
      >
        <label>
          Hexadecimal
           :
        </label>
        <input
          data-testid="testid--input"
          onChange={[Function]}
          placeholder="Hexadecimal"
          type="text"
          value=""
        />
      </div>
      <button
        data-testid="testid-btn"
        onClick={[Function]}
        type="button"
      >
        Convert
      </button>
      <div
        className="box--result"
      >
        <span
          data-testid="span-testid"
        >
          Result : 
          Not binary !!!
        </span>
      </div>
    </div>
  </div>,
]
`;
